// Vitest Snapshot v1, https://vitest.dev/guide/snapshot.html

exports[`BoardColumn > matches the DOM-structure snapshot for Developing (Blocked above Working) (07 §9 target) 1`] = `
<div>
  <section
    aria-label="Developing"
    data-role="board-column"
  >
    <h2>
      Developing
    </h2>
    <div
      data-emphasis="loud"
      data-role="board-zone"
    >
      <h3>
        Blocked
      </h3>
      <div
        data-role="board-zone-tickets"
      >
        <article
          data-role="ticket-card"
          data-state="blocked"
        >
          <h3>
            Blocked ticket
          </h3>
          <p
            data-role="body-preview"
          >
            stuck
          </p>
          <p
            data-role="blocked-reason"
          >
            needs a decision
          </p>
        </article>
      </div>
    </div>
    <div
      data-emphasis="default"
      data-role="board-zone"
    >
      <h3>
        Working
      </h3>
      <div
        data-role="board-zone-tickets"
      >
        <article
          data-role="ticket-card"
          data-state="working"
        >
          <h3>
            Working ticket
          </h3>
          <p
            data-role="body-preview"
          >
            in progress
          </p>
        </article>
      </div>
    </div>
  </section>
</div>
`;
